[2026-07-26T15:06:22.794Z] GET http://localhost:8787/index.html → 200 (10ms, 6069B)
[2026-07-26T15:06:22.815Z] GET http://localhost:8787/style.css → 200 (5ms, 8164B)
[2026-07-26T15:06:22.815Z] GET http://localhost:8787/app.js → 200 (6ms, 17849B)
[2026-07-26T15:06:22.861Z] GET http://localhost:8787/fsrs.js → 200 (6ms, 4929B)
[2026-07-26T15:06:22.861Z] GET http://localhost:8787/db.js → 200 (5ms, 2006B)
[2026-07-26T15:06:22.861Z] GET http://localhost:8787/audio.js → 200 (6ms, 3100B)
[2026-07-26T15:06:22.861Z] GET http://localhost:8787/speak.js → 200 (6ms, 3788B)
[2026-07-26T15:06:23.040Z] GET http://localhost:8787/deck.json → 200 (2ms, 246047B)
[2026-07-26T15:06:23.253Z] GET http://localhost:8787/audio/tts-word-1689376783769.mp3 → 200 (1ms, -188B)
[2026-07-26T15:06:23.253Z] GET http://localhost:8787/audio/tts-word-1688773243248.mp3 → 200 (1ms, -188B)
[2026-07-26T15:06:24.850Z] GET http://localhost:8787/audio/tts-sentence-1689376783769.mp3 → 200 (3ms, -189B)
[2026-07-26T15:06:35.122Z] GET http://localhost:8787/audio/tts-word-1688773243248.mp3 → 200 (2ms, -188B)
[2026-07-26T15:06:35.122Z] GET http://localhost:8787/audio/tts-word-1689376911541.mp3 → 200 (12ms, -188B)
[2026-07-26T15:06:53.152Z] GET http://localhost:8787/audio/tts-sentence-1688773243248.mp3 → 200 (4ms, -189B)
[2026-07-26T15:06:53.388Z] GET http://localhost:8787/audio/tts-word-1688771559387.mp3 → 200 (3ms, -188B)
[2026-07-26T15:07:01.559Z] GET http://localhost:8787/audio/tts-word-1688771559387.mp3 → pending (?ms, ?B)
[2026-07-26T15:07:01.560Z] GET http://localhost:8787/audio/tts-sentence-1689376911541.mp3 → 200 (2ms, -189B)
[2026-07-26T15:07:12.686Z] GET http://localhost:8787/audio/tts-sentence-1688771559387.mp3 → 200 (6ms, -189B)
[2026-07-26T15:07:58.725Z] GET http://localhost:8787/index.html → 200 (10ms, -187B)
[2026-07-26T15:07:58.741Z] GET http://localhost:8787/style.css → 200 (2ms, -186B)
[2026-07-26T15:07:58.741Z] GET http://localhost:8787/app.js → 200 (5ms, -194B)
[2026-07-26T15:07:58.746Z] GET http://localhost:8787/fsrs.js → 200 (1ms, -193B)
[2026-07-26T15:07:58.746Z] GET http://localhost:8787/db.js → 200 (1ms, -193B)
[2026-07-26T15:07:58.746Z] GET http://localhost:8787/audio.js → 200 (2ms, -193B)
[2026-07-26T15:07:58.747Z] GET http://localhost:8787/speak.js → 200 (1ms, -193B)
[2026-07-26T15:07:58.748Z] GET http://localhost:8787/deck.json → 200 (1ms, -196B)
[2026-07-26T15:07:58.845Z] GET http://localhost:8787/audio/tts-word-1688773243248.mp3 → 200 (1ms, -188B)
[2026-07-26T15:07:58.845Z] GET http://localhost:8787/audio/tts-word-1688771559387.mp3 → 200 (1ms, -188B)
[2026-07-26T15:08:00.453Z] GET http://localhost:8787/audio/tts-sentence-1688773243248.mp3 → 200 (1ms, -189B)
[2026-07-26T15:08:20.605Z] GET http://localhost:8787/audio/tts-word-1688771559387.mp3 → 200 (?ms, -188B)
[2026-07-26T15:08:20.605Z] GET http://localhost:8787/audio/tts-word-1689376951506.mp3 → 200 (7ms, -188B)
[2026-07-26T15:08:21.561Z] GET http://localhost:8787/audio/tts-sentence-1688771559387.mp3 → 200 (?ms, -189B)
[2026-07-26T15:08:21.732Z] GET http://localhost:8787/audio/tts-word-1688773243248.mp3 → 200 (?ms, -188B)
